// Jest Snapshot v1, https://goo.gl/fbAQLP

exports[`ComponentB tests renders correctly 1`] = `null`;
